// Jest Snapshot v1, https://goo.gl/fbAQLP

exports[`addQuote Mutation use case Test 1`] = `
Object {
  "data": Object {
    "quotes": Array [
      Object {
        "phrase": "smenarie",
        "quoter": "mafiotu",
      },
    ],
  },
  "errors": undefined,
  "extensions": undefined,
  "http": Object {
    "headers": Headers {
      Symbol(map): Object {},
    },
  },
}
`;
