// Jest Snapshot v1, https://goo.gl/fbAQLP

exports[`adds a quote 1`] = `
Object {
  "data": Object {
    "addQuote": Object {
      "phrase": "Two things are infinite: the universe and human stupidity; and I'm not sure about the universe.",
    },
  },
  "errors": undefined,
  "extensions": undefined,
  "http": Object {
    "headers": Headers {
      Symbol(map): Object {},
    },
  },
}
`;
